// Vitest Snapshot v1, https://vitest.dev/guide/snapshot.html

exports[`Teste UnitÃ¡rio - ListItem > Deve renderizar o ListItem corretamente 1`] = `
<DocumentFragment>
  <script>
    !function(){try{var d=document.documentElement,c=d.classList;c.remove('light','dark');var e=localStorage.getItem('theme');if('system'===e||(!e&&false)){var t='(prefers-color-scheme: dark)',m=window.matchMedia(t);if(m.media!==t||m.matches){d.style.colorScheme = 'dark';c.add('dark')}else{d.style.colorScheme = 'light';c.add('light')}}else if(e){c.add(e|| '')}else{c.add('dark')}if(e==='light'||e==='dark'||!e)d.style.colorScheme=e||'dark'}catch(e){}}()
  </script>
  <li
    class="w-44 truncate lg:w-56"
    data-testid="list-item"
  >
    <a
      class="transition-all hover:underline hover:opacity-80"
      href="/anime/21"
    >
      4. Naruto
    </a>
  </li>
</DocumentFragment>
`;
