// Vitest Snapshot v1, https://vitest.dev/guide/snapshot.html

exports[`Footer > Deve renderizar o Footer corretamente 1`] = `
<DocumentFragment>
  <script>
    !function(){try{var d=document.documentElement,c=d.classList;c.remove('light','dark');var e=localStorage.getItem('theme');if('system'===e||(!e&&false)){var t='(prefers-color-scheme: dark)',m=window.matchMedia(t);if(m.media!==t||m.matches){d.style.colorScheme = 'dark';c.add('dark')}else{d.style.colorScheme = 'light';c.add('light')}}else if(e){c.add(e|| '')}else{c.add('dark')}if(e==='light'||e==='dark'||!e)d.style.colorScheme=e||'dark'}catch(e){}}()
  </script>
  <footer
    class="bg-neutral-800"
  >
    <div
      class="mx-auto flex flex-col gap-4 p-4 md:max-w-7xl md:flex-row"
    >
      <div
        class="w-full md:w-2/5"
      >
        <a
          data-testid="logo"
          href="/"
        >
          <img
            alt="WhatAnime"
            data-nimg="1"
            decoding="async"
            height="76"
            loading="lazy"
            src="/src/assets/logo.svg"
            style="color: transparent;"
            width="227"
          />
        </a>
        <div
          class="mt-8 flex flex-col gap-2"
        >
          <span>
            CONNECT
          </span>
          <div
            class="flex gap-4"
          >
            <a
              class="rounded-lg bg-neutral-50 p-2 text-neutral-800 transition-all hover:opacity-90"
              data-testid="myanimelist-social"
              href="https://myanimelist.net/profile/HighlanderTech"
            >
              <svg
                data-testid="social-icon"
                fill="currentColor"
                height="24"
                role="img"
                stroke="currentColor"
                stroke-width="0"
                viewBox="0 0 24 24"
                width="24"
                xmlns="http://www.w3.org/2000/svg"
              >
                <title />
                <path
                  d="M8.273 7.247v8.423l-2.103-.003v-5.216l-2.03 2.404-1.989-2.458-.02 5.285H.001L0 7.247h2.203l1.865 2.545 2.015-2.546 2.19.001zm8.628 2.069l.025 6.335h-2.365l-.008-2.871h-2.8c.07.499.21 1.266.417 1.779.155.381.298.751.583 1.128l-1.705 1.125c-.349-.636-.622-1.337-.878-2.082a9.296 9.296 0 0 1-.507-2.179c-.085-.75-.097-1.471.107-2.212a3.908 3.908 0 0 1 1.161-1.866c.313-.293.749-.5 1.1-.687.351-.187.743-.264 1.107-.359a7.405 7.405 0 0 1 1.191-.183c.398-.034 1.107-.066 2.39-.028l.545 1.749H14.51c-.593.008-.878.001-1.341.209a2.236 2.236 0 0 0-1.278 1.92l2.663.033.038-1.81h2.309zm3.992-2.099v6.627l3.107.032-.43 1.775h-4.807V7.187l2.13.03z"
                />
              </svg>
            </a>
            <a
              class="rounded-lg bg-neutral-50 p-2 text-neutral-800 transition-all hover:opacity-90"
              data-testid="anilist-social"
              href="https://anilist.co/user/giovanifranz/"
            >
              <svg
                data-testid="social-icon"
                fill="currentColor"
                height="24"
                role="img"
                stroke="currentColor"
                stroke-width="0"
                viewBox="0 0 24 24"
                width="24"
                xmlns="http://www.w3.org/2000/svg"
              >
                <title />
                <path
                  d="M6.361 2.943L0 21.056h4.942l1.077-3.133H11.4l1.052 3.133H22.9c.71 0 1.1-.392 1.1-1.101V17.53c0-.71-.39-1.101-1.1-1.101h-6.483V4.045c0-.71-.392-1.102-1.101-1.102h-2.422c-.71 0-1.101.392-1.101 1.102v1.064l-.758-2.166zm2.324 5.948l1.688 5.018H7.144z"
                />
              </svg>
            </a>
          </div>
          <span>
            SHARE
          </span>
          <div
            class="flex gap-4"
          >
            <a
              class="rounded-lg bg-neutral-50 p-2 text-neutral-800 transition-all hover:opacity-90"
              data-testid="facebook-social"
              href="https://www.facebook.com/sharer/sharer.php?u=https%3A%2F%2Fwww.whatanime.com.br"
            >
              <svg
                data-testid="social-icon"
                fill="currentColor"
                height="24"
                stroke="currentColor"
                stroke-width="0"
                viewBox="0 0 24 24"
                width="24"
                xmlns="http://www.w3.org/2000/svg"
              >
                <path
                  d="M14 13.5H16.5L17.5 9.5H14V7.5C14 6.47062 14 5.5 16 5.5H17.5V2.1401C17.1743 2.09685 15.943 2 14.6429 2C11.9284 2 10 3.65686 10 6.69971V9.5H7V13.5H10V22H14V13.5Z"
                />
              </svg>
            </a>
            <a
              class="rounded-lg bg-neutral-50 p-2 text-neutral-800 transition-all hover:opacity-90"
              data-testid="twitter-social"
              href="https://twitter.com/intent/tweet?url=https%3A%2F%2Fwww.whatanime.com.br"
            >
              <svg
                data-testid="social-icon"
                fill="currentColor"
                height="24"
                stroke="currentColor"
                stroke-width="0"
                viewBox="0 0 24 24"
                width="24"
                xmlns="http://www.w3.org/2000/svg"
              >
                <path
                  d="M22.2125 5.65605C21.4491 5.99375 20.6395 6.21555 19.8106 6.31411C20.6839 5.79132 21.3374 4.9689 21.6493 4.00005C20.8287 4.48761 19.9305 4.83077 18.9938 5.01461C18.2031 4.17106 17.098 3.69303 15.9418 3.69434C13.6326 3.69434 11.7597 5.56661 11.7597 7.87683C11.7597 8.20458 11.7973 8.52242 11.8676 8.82909C8.39047 8.65404 5.31007 6.99005 3.24678 4.45941C2.87529 5.09767 2.68005 5.82318 2.68104 6.56167C2.68104 8.01259 3.4196 9.29324 4.54149 10.043C3.87737 10.022 3.22788 9.84264 2.64718 9.51973C2.64654 9.5373 2.64654 9.55487 2.64654 9.57148C2.64654 11.5984 4.08819 13.2892 6.00199 13.6731C5.6428 13.7703 5.27232 13.8194 4.90022 13.8191C4.62997 13.8191 4.36771 13.7942 4.11279 13.7453C4.64531 15.4065 6.18886 16.6159 8.0196 16.6491C6.53813 17.8118 4.70869 18.4426 2.82543 18.4399C2.49212 18.4402 2.15909 18.4205 1.82812 18.3811C3.74004 19.6102 5.96552 20.2625 8.23842 20.2601C15.9316 20.2601 20.138 13.8875 20.138 8.36111C20.138 8.1803 20.1336 7.99886 20.1256 7.81997C20.9443 7.22845 21.651 6.49567 22.2125 5.65605Z"
                />
              </svg>
            </a>
          </div>
        </div>
      </div>
      <div
        class="shrink-0 h-full w-[1px] my-auto bg-neutral-200 md:my-4 md:flex md:h-72"
        data-orientation="vertical"
        role="none"
      />
      <div
        class="flex flex-col gap-4"
      >
        <div
          class="flex items-center gap-4"
        >
          <p
            class="max-w-xs"
          >
            This site is our baby, so please consider donating if you are able so that we can keep working on it!
          </p>
          <a
            class="rounded-full bg-neutral-100 p-2 text-neutral-800"
            data-testid="paypal"
            href="https://www.paypal.com/donate/?hosted_button_id=KJ9TK628E7N42"
          >
            <svg
              fill="currentColor"
              height="56"
              stroke="currentColor"
              stroke-width="0"
              viewBox="0 0 24 24"
              width="56"
              xmlns="http://www.w3.org/2000/svg"
            >
              <path
                d="M20.0673 8.47768C20.5591 9.35823 20.6237 10.4924 20.3676 11.8053C19.627 15.6107 17.0916 16.9253 13.8536 16.9253H13.3536C12.9583 16.9253 12.6216 17.214 12.5596 17.6047L12.519 17.8253L11.8896 21.818L11.857 21.988C11.795 22.3787 11.4583 22.6667 11.063 22.6667H7.72031C7.42365 22.6667 7.19698 22.402 7.24298 22.1093L7.41807 21H8.9367L9.88603 14.9793H11.2716C15.9496 14.9793 19.0209 12.7768 20.0673 8.47768ZM17.1066 3.38784C17.8693 4.25635 18.0908 5.19891 17.8597 6.67324C17.8405 6.79594 17.82 6.91391 17.7973 7.03253C17.0621 10.8057 14.7087 12.4793 10.8417 12.4793H8.95703C8.32647 12.4793 7.78368 12.8928 7.60372 13.4811L7.58913 13.4788L6.65969 19.3733H3.12169C3.08991 19.3733 3.06598 19.3454 3.07097 19.3136L5.66905 2.80233C5.74174 2.34036 6.13984 2 6.6075 2H12.583C14.7658 2 16.2998 2.46869 17.1066 3.38784Z"
              />
            </svg>
          </a>
        </div>
        <span
          class="mt-4"
        >
          LEGAL
        </span>
        <p>
          All anime series names, images, and content are copyrighted content of their respective license holders. I do not own the rights to any of these anime series. Anime information compiled from AniList and MyAnimeList.
        </p>
        <span
          class="-mb-4 mt-4"
        >
          DESIGNED BY
        </span>
        <a
          data-testid="highlander-logo"
          href="https://www.highlandertech.com.br"
        >
          <img
            alt="HighlanderTech"
            data-nimg="1"
            decoding="async"
            height="65"
            loading="lazy"
            src="/src/assets/highlander.svg"
            style="color: transparent;"
            width="257"
          />
        </a>
      </div>
    </div>
  </footer>
</DocumentFragment>
`;
