// Vitest Snapshot v1, https://vitest.dev/guide/snapshot.html

exports[`Teste UnitÃ¡rio - Search > Deve renderizar o Search corretamente 1`] = `
<DocumentFragment>
  <script>
    !function(){try{var d=document.documentElement,c=d.classList;c.remove('light','dark');var e=localStorage.getItem('theme');if('system'===e||(!e&&false)){var t='(prefers-color-scheme: dark)',m=window.matchMedia(t);if(m.media!==t||m.matches){d.style.colorScheme = 'dark';c.add('dark')}else{d.style.colorScheme = 'light';c.add('light')}}else if(e){c.add(e|| '')}else{c.add('dark')}if(e==='light'||e==='dark'||!e)d.style.colorScheme=e||'dark'}catch(e){}}()
  </script>
  <form
    class="flex h-48 max-w-4xl flex-col justify-center gap-4"
  >
    <div
      class="space-y-2"
    >
      <div
        class="flex h-12 items-center gap-4"
      >
        <label
          class="peer-disabled:cursor-not-allowed peer-disabled:opacity-70 scroll-m-20 text-2xl font-semibold uppercase tracking-tight md:text-3xl"
          for=":r0:-form-item"
        >
          Search
        </label>
      </div>
    </div>
    <div
      class="flex w-full max-w-full items-center space-x-2"
    >
      <div
        class="space-y-2 w-full"
      >
        <input
          aria-describedby=":r1:-form-item-description"
          aria-invalid="false"
          class="flex h-10 w-full rounded-md border border-input bg-background px-3 py-2 text-sm ring-offset-background file:border-0 file:bg-transparent file:text-sm file:font-medium placeholder:text-muted-foreground focus-visible:outline-none focus-visible:ring-2 focus-visible:ring-ring focus-visible:ring-offset-2 disabled:cursor-not-allowed disabled:opacity-50"
          id=":r1:-form-item"
          maxlength="30"
          minlength="3"
          name="title"
          placeholder="Enter your search key word"
          type="text"
          value=""
        />
      </div>
      <button
        class="inline-flex items-center justify-center rounded-md text-sm font-medium ring-offset-background transition-colors focus-visible:outline-none focus-visible:ring-2 focus-visible:ring-ring focus-visible:ring-offset-2 disabled:pointer-events-none disabled:opacity-50 bg-primary text-primary-foreground hover:bg-primary/90 h-10 px-4 py-2 w-16"
        type="submit"
      >
        <svg
          aria-hidden="true"
          fill="none"
          focusable="false"
          height="20"
          stroke="currentColor"
          stroke-linecap="round"
          stroke-linejoin="round"
          stroke-width="2"
          viewBox="0 0 24 24"
          width="20"
          xmlns="http://www.w3.org/2000/svg"
        >
          <circle
            cx="11"
            cy="11"
            r="8"
          />
          <line
            x1="21"
            x2="16.65"
            y1="21"
            y2="16.65"
          />
        </svg>
        <span
          style="position: absolute; border: 0px; width: 1px; height: 1px; padding: 0px; margin: -1px; overflow: hidden; clip: rect(0px, 0px, 0px, 0px); white-space: nowrap; word-wrap: normal;"
        >
          Search Button
        </span>
      </button>
    </div>
    <p
      class="text-sm text-muted-foreground capitalize"
      id="undefined-form-item-description"
    >
      Search your favorite Anime
    </p>
  </form>
</DocumentFragment>
`;
